// Jest Snapshot v1, https://goo.gl/fbAQLP

exports[`Label renders properly 1`] = `
<Label>
  Test
</Label>
`;
